dmesg Facility: -1
dmesg Facility: 0
[    0.000000] Linux version 6.6.4-arch1-1 (linux@archlinux) (gcc (GCC) 13.2.1 20230801, GNU ld (GNU Binutils) 2.41.0) #1 SMP PREEMPT_DYNAMIC Mon, 04 Dec 2023 00:29:19 +0000
[    0.000001] Command line: initrd=\ucode.img initrd=\initramfs-linux.img rw cryptdevice=/dev/nvme0n1p3:system:discard root=/dev/mapper/system
[    0.000002] BIOS-provided physical RAM map:
[    0.000003] BIOS-e820: [mem 0x0000000000000000-0x000000000009efff] usable
[    0.000004] BIOS-e820: [mem 0x000000000009f000-0x00000000000bffff] reserved
[    0.000005] BIOS-e820: [mem 0x0000000000100000-0x0000000009afffff] usable
[    0.000006] BIOS-e820: [mem 0x0000000009b00000-0x0000000009dfffff] reserved
[    0.000007] BIOS-e820: [mem 0x0000000009e00000-0x0000000009efffff] usable
[    0.000008] BIOS-e820: [mem 0x0000000009f00000-0x0000000009f3bfff] ACPI NVS
[    0.000009] BIOS-e820: [mem 0x0000000009f3c000-0x000000004235ffff] usable
[    0.000010] BIOS-e820: [mem 0x0000000042360000-0x000000004455ffff] reserved
[    0.201607] smp: Bringing up secondary CPUs ...
[    0.201607] smpboot: x86: Booting SMP configuration:
[    0.209670]   #1  #3  #5  #7
[    0.212630] smp: Brought up 1 node, 16 CPUs
[    0.215936] audit: type=2000 audit(1702926179.015:1): state=initialized audit_enabled=0 res=1
[    0.215937] thermal_sys: Registered thermal governor 'fair_share'
[    0.215966] ENERGY_PERF_BIAS: Set to 'normal', was 'performance'
[    0.367657] ACPI: \_SB_.PCI0.GP19.NHI1.PWRS: New power resource
[    0.368615] ACPI: \_SB_.PCI0.GP19.XHC4.PWRS: New power resource
[    0.376316] ACPI: \_SB_.PRWL: New power resource
[    0.376343] ACPI: \_SB_.PRWB: New power resource
[    0.377373] ACPI: PCI Root Bridge [PCI0] (domain 0000 [bus 00-ff])
[    0.377378] acpi PNP0A08:00: _OSC: OS supports [ExtendedConfig ASPM ClockPM Segments MSI EDR HPX-Type3]
[    0.377569] acpi PNP0A08:00: _OSC: platform does not support [SHPCHotplug AER]
[    0.377933] acpi PNP0A08:00: _OSC: OS now controls [PCIeHotplug PME PCIeCapability LTR DPC]
[    0.378458] PCI host bridge to bus 0000:00
[    0.378459] pci_bus 0000:00: root bus resource [io  0x0000-0x0cf7 window]
[    0.378461] pci_bus 0000:00: root bus resource [io  0x0d00-0xffff window]
[   15.641860] usb 3-3: New USB device found, idVendor=1a40, idProduct=0101, bcdDevice= 1.11
[   16.690000] Serial bus multi instantiate pseudo device driver INT3515:00: error -ENXIO: IRQ index 1 not found.
[   17.710000] snd_hda_intel 0000:00:1f.3: CORB reset timeout#2, CORBRP = 65535
[   24.871100] PEFILE: Unsigned PE binary
[   33.918091] snd_hda_intel 0000:00:1f.3: CORB reset timeout#2, CORBRP = 65535
[  144.931785] usb 3-3.1: device firmware changed
[  145.953248] usb 3-3.1: USB disconnect, device number 44
[  147.981859] usb 3-3.1: New USB device found, idVendor=17ef, idProduct=6047, bcdDevice= 3.30
dmesg Facility: 1
[    9.398562] user network daemon initialization complete
dmesg Facility: 2
dmesg Facility: 3
[   10.441520] systemd[1]: systemd 254.7-1.fc39 running in system mode
[   11.441524] systemd[1]: Detected architecture x86-64.
[   12.441525] systemd[1]: Running in initrd.
[   13.541598] systemd[1]: Hostname set to <catalina>.
dmesg Facility: 4
dmesg Facility: 5
[   18.820000] systemd-journald[723]: Received client request to flush runtime journal.
[   20.840000] systemd-journald[723]: File /var/log/journal/a124ea923b144109a12d557d5ac53179/system.journal corrupted or uncleanly shut down, renaming and replacing.
[   21.852348] systemd-journald[723]: /var/log/journal/ad7a2547ac0e4342a342e62a34a3eae4/user-1000.journal: Journal file uses a different sequence number ID, rotating.
dmesg Facility: 6
dmesg Facility: 7
dmesg Facility: 8
dmesg Facility: 9
dmesg Facility: 10
dmesg Facility: 11
dmesg Facility: 12
